---
source: lib/somever/src/calendar.rs
expression: "serde_json::to_string(&Calver::internal_new(date, prefixed,\nformat.to_string(), modifier.map(str::to_string)).unwrap()).unwrap()"
---
{"prefixed":false,"major":2024,"minor":5,"patch":null,"micro":null,"modifier":null,"format":{"raw":"YYYY.0W","prefix":null,"tokens":[{"position":"Major","convention":"FullYear"},{"position":"Minor","convention":"PaddedWeek"}],"separators":["."]}}
