---
source: lib/somever/src/calendar.rs
expression: "serde_json::to_string(&Calver::parse(text, format).unwrap()).unwrap()"
---
{"prefixed":false,"major":4,"minor":9,"patch":null,"micro":null,"modifier":null,"format":{"raw":"YY-MM","prefix":null,"tokens":[{"position":"Major","convention":"ShortYear"},{"position":"Minor","convention":"ShortMonth"}],"separators":["-"]}}
